###############################################################################
#
# IAR ELF Linker V9.20.2.320/W64 for ARM                  02/Dec/2022  17:15:31
# Copyright 2007-2021 IAR Systems AB.
#
#    Output file  =  D:\Work\Programming\Tennis\EWARM\Tennis\Exe\Tennis.out
#    Map file     =  D:\Work\Programming\Tennis\EWARM\Tennis\List\Tennis.map
#    Command line =
#        -f D:\Work\Programming\Tennis\EWARM\Tennis\Exe\Tennis.out.rsp
#        (D:\Work\Programming\Tennis\EWARM\Tennis\Obj\Application\User\Core\main.o
#        D:\Work\Programming\Tennis\EWARM\Tennis\Obj\Application\EWARM\startup_stm32f446xx.o
#        D:\Work\Programming\Tennis\EWARM\Tennis\Obj\Drivers\STM32F4xx_HAL_Driver\stm32f4xx_hal.o
#        D:\Work\Programming\Tennis\EWARM\Tennis\Obj\Drivers\STM32F4xx_HAL_Driver\stm32f4xx_hal_cortex.o
#        D:\Work\Programming\Tennis\EWARM\Tennis\Obj\Drivers\STM32F4xx_HAL_Driver\stm32f4xx_hal_dma.o
#        D:\Work\Programming\Tennis\EWARM\Tennis\Obj\Drivers\STM32F4xx_HAL_Driver\stm32f4xx_hal_dma_ex.o
#        D:\Work\Programming\Tennis\EWARM\Tennis\Obj\Drivers\STM32F4xx_HAL_Driver\stm32f4xx_hal_exti.o
#        D:\Work\Programming\Tennis\EWARM\Tennis\Obj\Drivers\STM32F4xx_HAL_Driver\stm32f4xx_hal_flash.o
#        D:\Work\Programming\Tennis\EWARM\Tennis\Obj\Drivers\STM32F4xx_HAL_Driver\stm32f4xx_hal_flash_ex.o
#        D:\Work\Programming\Tennis\EWARM\Tennis\Obj\Drivers\STM32F4xx_HAL_Driver\stm32f4xx_hal_flash_ramfunc.o
#        D:\Work\Programming\Tennis\EWARM\Tennis\Obj\Drivers\STM32F4xx_HAL_Driver\stm32f4xx_hal_gpio.o
#        D:\Work\Programming\Tennis\EWARM\Tennis\Obj\Application\User\Core\stm32f4xx_hal_msp.o
#        D:\Work\Programming\Tennis\EWARM\Tennis\Obj\Drivers\STM32F4xx_HAL_Driver\stm32f4xx_hal_pwr.o
#        D:\Work\Programming\Tennis\EWARM\Tennis\Obj\Drivers\STM32F4xx_HAL_Driver\stm32f4xx_hal_pwr_ex.o
#        D:\Work\Programming\Tennis\EWARM\Tennis\Obj\Drivers\STM32F4xx_HAL_Driver\stm32f4xx_hal_rcc.o
#        D:\Work\Programming\Tennis\EWARM\Tennis\Obj\Drivers\STM32F4xx_HAL_Driver\stm32f4xx_hal_rcc_ex.o
#        D:\Work\Programming\Tennis\EWARM\Tennis\Obj\Drivers\STM32F4xx_HAL_Driver\stm32f4xx_hal_tim.o
#        D:\Work\Programming\Tennis\EWARM\Tennis\Obj\Drivers\STM32F4xx_HAL_Driver\stm32f4xx_hal_tim_ex.o
#        D:\Work\Programming\Tennis\EWARM\Tennis\Obj\Application\User\Core\stm32f4xx_it.o
#        D:\Work\Programming\Tennis\EWARM\Tennis\Obj\Drivers\CMSIS\system_stm32f4xx.o
#        --no_out_extension -o
#        D:\Work\Programming\Tennis\EWARM\Tennis\Exe\Tennis.out --redirect
#        _Printf=_PrintfFullNoMb --redirect _Scanf=_ScanfFullNoMb --map
#        D:\Work\Programming\Tennis\EWARM\Tennis\List\Tennis.map --config
#        D:\Work\Programming\Tennis\EWARM/stm32f446xx_flash.icf --semihosting
#        --entry __iar_program_start --vfe --text_out locale)
#
###############################################################################

*******************************************************************************
*** RUNTIME MODEL ATTRIBUTES
***

CppFlavor       = *
__CPP_Runtime   = 1
__SystemLibrary = DLib
__dlib_version  = 6


*******************************************************************************
*** HEAP SELECTION
***

The basic heap was selected because some modules are built with
size limitations (and not runtime checking), and --advanced_heap
was not specified.


*******************************************************************************
*** PLACEMENT SUMMARY
***

"A0":  place at address 0x800'0000 { ro section .intvec };
"P1":  place in [from 0x800'0000 to 0x807'ffff] { ro };
define block CSTACK with size = 1K, alignment = 8 { };
define block HEAP with size = 512, alignment = 8 { };
"P2":  place in [from 0x2000'0000 to 0x2001'ffff] {
          rw, block CSTACK, block HEAP };
initialize by copy { rw };

  Section            Kind         Address    Size  Object
  -------            ----         -------    ----  ------
"A0":                                       0x1c4
  .intvec            ro code   0x800'0000   0x1c4  startup_stm32f446xx.o [1]
                             - 0x800'01c4   0x1c4

"P1":                                      0x1abc
  .text              ro code   0x800'01c4   0x6f4  main.o [2]
  .text              ro code   0x800'08b8    0x34  stm32f4xx_hal.o [4]
  .text              ro code   0x800'08ec   0x20c  stm32f4xx_hal_gpio.o [4]
  .text              ro code   0x800'0af8    0xc4  stm32f4xx_hal_cortex.o [4]
  .text              ro code   0x800'0bbc   0x5d2  stm32f4xx_hal_tim.o [4]
  .text              ro code   0x800'118e    0x3a  packbits_init_single.o [7]
  .text              ro code   0x800'11c8    0xdc  stm32f4xx_hal_msp.o [2]
  .text              ro code   0x800'12a4    0x14  memset.o [7]
  .text              ro code   0x800'12b8    0x8c  stm32f4xx_hal_tim_ex.o [4]
  .text              ro code   0x800'1344     0xc  stm32f4xx_hal.o [4]
  .text              ro code   0x800'1350   0x390  stm32f4xx_hal_rcc_ex.o [4]
  .text              ro code   0x800'16e0   0x120  stm32f4xx_hal_rcc.o [4]
  .text              ro code   0x800'1800    0x28  stm32f4xx_hal.o [4]
  .text              ro code   0x800'1828    0x40  stm32f4xx_hal.o [4]
  .text              ro code   0x800'1868     0x2  stm32f4xx_hal_tim.o [4]
  .text              ro code   0x800'186a     0x2  stm32f4xx_hal_tim.o [4]
  .text              ro code   0x800'186c    0x66  ABImemset.o [7]
  .text              ro code   0x800'18d4   0x106  I64DivMod_small.o [7]
  .text              ro code   0x800'19dc     0x2  I64DivZer.o [7]
  .text              ro code   0x800'19e0    0x2c  system_stm32f4xx.o [3]
  .text              ro code   0x800'1a0c    0x28  data_init.o [7]
  .text              ro code   0x800'1a34    0x22  fpinit_M.o [6]
  .iar.init_table    const     0x800'1a58    0x10  - Linker created -
  .text              ro code   0x800'1a68    0x1e  cmain.o [7]
  .text              ro code   0x800'1a86     0x4  low_level_init.o [5]
  .text              ro code   0x800'1a8a     0x4  exit.o [5]
  .text              ro code   0x800'1a90     0xa  cexit.o [7]
  .text              ro code   0x800'1a9c    0x14  exit.o [8]
  .text              ro code   0x800'1ab0    0x1c  cstartup_M.o [7]
  .text              ro code   0x800'1acc    0x1a  stm32f4xx_it.o [2]
  .text              ro code   0x800'1ae8    0x10  stm32f4xx_hal.o [4]
  .text              ro code   0x800'1af8    0x10  startup_stm32f446xx.o [1]
  .text              ro code   0x800'1b08     0x4  startup_stm32f446xx.o [1]
  .text              ro code   0x800'1b0c     0x4  startup_stm32f446xx.o [1]
  .text              ro code   0x800'1b10     0x4  startup_stm32f446xx.o [1]
  .text              ro code   0x800'1b14     0x4  startup_stm32f446xx.o [1]
  .text              ro code   0x800'1b18     0x4  startup_stm32f446xx.o [1]
  .text              ro code   0x800'1b1c     0x4  startup_stm32f446xx.o [1]
  .text              ro code   0x800'1b20     0x4  startup_stm32f446xx.o [1]
  .text              ro code   0x800'1b24     0x4  startup_stm32f446xx.o [1]
  .text              ro code   0x800'1b28     0x4  startup_stm32f446xx.o [1]
  .text              ro code   0x800'1b2c     0x4  startup_stm32f446xx.o [1]
  .text              ro code   0x800'1b30     0x4  startup_stm32f446xx.o [1]
  .text              ro code   0x800'1b34     0x4  startup_stm32f446xx.o [1]
  .text              ro code   0x800'1b38     0x4  startup_stm32f446xx.o [1]
  .text              ro code   0x800'1b3c     0x4  startup_stm32f446xx.o [1]
  .text              ro code   0x800'1b40     0x4  startup_stm32f446xx.o [1]
  .text              ro code   0x800'1b44     0x4  startup_stm32f446xx.o [1]
  .text              ro code   0x800'1b48     0x4  startup_stm32f446xx.o [1]
  .text              ro code   0x800'1b4c     0x4  startup_stm32f446xx.o [1]
  .text              ro code   0x800'1b50     0x4  startup_stm32f446xx.o [1]
  .text              ro code   0x800'1b54     0x4  startup_stm32f446xx.o [1]
  .text              ro code   0x800'1b58     0x4  startup_stm32f446xx.o [1]
  .text              ro code   0x800'1b5c     0x4  startup_stm32f446xx.o [1]
  .text              ro code   0x800'1b60     0x4  startup_stm32f446xx.o [1]
  .text              ro code   0x800'1b64     0x4  startup_stm32f446xx.o [1]
  .text              ro code   0x800'1b68     0x4  startup_stm32f446xx.o [1]
  .text              ro code   0x800'1b6c     0x4  startup_stm32f446xx.o [1]
  .text              ro code   0x800'1b70     0x4  startup_stm32f446xx.o [1]
  .text              ro code   0x800'1b74     0x4  startup_stm32f446xx.o [1]
  .text              ro code   0x800'1b78     0x4  startup_stm32f446xx.o [1]
  .text              ro code   0x800'1b7c     0x4  startup_stm32f446xx.o [1]
  .text              ro code   0x800'1b80     0x4  startup_stm32f446xx.o [1]
  .text              ro code   0x800'1b84     0x4  startup_stm32f446xx.o [1]
  .text              ro code   0x800'1b88     0x4  startup_stm32f446xx.o [1]
  .text              ro code   0x800'1b8c     0x4  startup_stm32f446xx.o [1]
  .text              ro code   0x800'1b90     0x4  startup_stm32f446xx.o [1]
  .text              ro code   0x800'1b94     0x4  startup_stm32f446xx.o [1]
  .text              ro code   0x800'1b98     0x4  startup_stm32f446xx.o [1]
  .text              ro code   0x800'1b9c     0x4  startup_stm32f446xx.o [1]
  .text              ro code   0x800'1ba0     0x4  startup_stm32f446xx.o [1]
  .text              ro code   0x800'1ba4     0x4  startup_stm32f446xx.o [1]
  .text              ro code   0x800'1ba8     0x4  startup_stm32f446xx.o [1]
  .text              ro code   0x800'1bac     0x4  startup_stm32f446xx.o [1]
  .text              ro code   0x800'1bb0     0x4  startup_stm32f446xx.o [1]
  .text              ro code   0x800'1bb4     0x4  startup_stm32f446xx.o [1]
  .text              ro code   0x800'1bb8     0x4  startup_stm32f446xx.o [1]
  .text              ro code   0x800'1bbc     0x4  startup_stm32f446xx.o [1]
  .text              ro code   0x800'1bc0     0x4  startup_stm32f446xx.o [1]
  .text              ro code   0x800'1bc4     0x4  startup_stm32f446xx.o [1]
  .text              ro code   0x800'1bc8     0x4  startup_stm32f446xx.o [1]
  .text              ro code   0x800'1bcc     0x4  startup_stm32f446xx.o [1]
  .text              ro code   0x800'1bd0     0x4  startup_stm32f446xx.o [1]
  .text              ro code   0x800'1bd4     0x4  startup_stm32f446xx.o [1]
  .text              ro code   0x800'1bd8     0x4  startup_stm32f446xx.o [1]
  .text              ro code   0x800'1bdc     0x4  startup_stm32f446xx.o [1]
  .text              ro code   0x800'1be0     0x4  startup_stm32f446xx.o [1]
  .text              ro code   0x800'1be4     0x4  startup_stm32f446xx.o [1]
  .text              ro code   0x800'1be8     0x4  startup_stm32f446xx.o [1]
  .text              ro code   0x800'1bec     0x4  startup_stm32f446xx.o [1]
  .text              ro code   0x800'1bf0     0x4  startup_stm32f446xx.o [1]
  .text              ro code   0x800'1bf4     0x4  startup_stm32f446xx.o [1]
  .text              ro code   0x800'1bf8     0x4  startup_stm32f446xx.o [1]
  .text              ro code   0x800'1bfc     0x4  startup_stm32f446xx.o [1]
  .text              ro code   0x800'1c00     0x4  startup_stm32f446xx.o [1]
  .text              ro code   0x800'1c04     0x4  startup_stm32f446xx.o [1]
  .text              ro code   0x800'1c08     0x4  startup_stm32f446xx.o [1]
  .text              ro code   0x800'1c0c     0x4  startup_stm32f446xx.o [1]
  .text              ro code   0x800'1c10     0x4  startup_stm32f446xx.o [1]
  .text              ro code   0x800'1c14     0x4  startup_stm32f446xx.o [1]
  .text              ro code   0x800'1c18     0x4  startup_stm32f446xx.o [1]
  .text              ro code   0x800'1c1c     0x4  startup_stm32f446xx.o [1]
  .text              ro code   0x800'1c20     0x4  startup_stm32f446xx.o [1]
  .text              ro code   0x800'1c24     0x4  startup_stm32f446xx.o [1]
  .text              ro code   0x800'1c28     0x4  startup_stm32f446xx.o [1]
  .text              ro code   0x800'1c2c     0x4  startup_stm32f446xx.o [1]
  .text              ro code   0x800'1c30     0x4  startup_stm32f446xx.o [1]
  .text              ro code   0x800'1c34     0x4  startup_stm32f446xx.o [1]
  .text              ro code   0x800'1c38     0x4  startup_stm32f446xx.o [1]
  .text              ro code   0x800'1c3c     0x4  startup_stm32f446xx.o [1]
  .text              ro code   0x800'1c40     0x4  startup_stm32f446xx.o [1]
  .text              ro code   0x800'1c44     0x4  startup_stm32f446xx.o [1]
  .text              ro code   0x800'1c48     0x4  startup_stm32f446xx.o [1]
  .text              ro code   0x800'1c4c     0x4  startup_stm32f446xx.o [1]
  .text              ro code   0x800'1c50     0x4  startup_stm32f446xx.o [1]
  .text              ro code   0x800'1c54     0x4  startup_stm32f446xx.o [1]
  .text              ro code   0x800'1c58     0x4  startup_stm32f446xx.o [1]
  .rodata            const     0x800'1c5c     0x0  packbits_init_single.o [7]
  Initializer bytes  const     0x800'1c5c    0x24  <for P2-1>
                             - 0x800'1c80  0x1abc

"P2", part 1 of 2:                           0xb0
  P2-1                        0x2000'0000    0xb0  <Init block>
    .data            inited   0x2000'0000    0x54  main.o [2]
    .data            inited   0x2000'0054     0xc  main.o [2]
    .data            inited   0x2000'0060     0xc  stm32f4xx_hal.o [4]
    .data            inited   0x2000'006c     0x4  system_stm32f4xx.o [3]
    .bss             inited   0x2000'0070    0x40  main.o [2]
                            - 0x2000'00b0    0xb0

"P2", part 2 of 2:                          0x400
  CSTACK                      0x2000'00b0   0x400  <Block>
    CSTACK           uninit   0x2000'00b0   0x400  <Block tail>
                            - 0x2000'04b0   0x400

Unused ranges:

         From           To      Size
         ----           --      ----
   0x800'1c80   0x807'ffff  0x7'e380
  0x2000'04b0  0x2001'ffff  0x1'fb50


*******************************************************************************
*** INIT TABLE
***

          Address      Size
          -------      ----
Copy/packbits (__iar_packbits_init_single3)
    1 source range, total size 0x24 (20% of destination):
           0x800'1c5c  0x24
    1 destination range, total size 0xb0:
          0x2000'0000  0xb0



*******************************************************************************
*** MODULE SUMMARY
***

    Module                  ro code  ro data  rw data
    ------                  -------  -------  -------
command line/config:
    -------------------------------------------------
    Total:

D:\Work\Programming\Tennis\EWARM\Tennis\Obj\Application\EWARM: [1]
    startup_stm32f446xx.o       808
    -------------------------------------------------
    Total:                      808

D:\Work\Programming\Tennis\EWARM\Tennis\Obj\Application\User\Core: [2]
    main.o                    1'780       33      160
    stm32f4xx_hal_msp.o         220
    stm32f4xx_it.o               26
    -------------------------------------------------
    Total:                    2'026       33      160

D:\Work\Programming\Tennis\EWARM\Tennis\Obj\Drivers\CMSIS: [3]
    system_stm32f4xx.o           44                 4
    -------------------------------------------------
    Total:                       44                 4

D:\Work\Programming\Tennis\EWARM\Tennis\Obj\Drivers\STM32F4xx_HAL_Driver: [4]
    stm32f4xx_hal.o             184        3       12
    stm32f4xx_hal_cortex.o      196
    stm32f4xx_hal_gpio.o        524
    stm32f4xx_hal_rcc.o         288
    stm32f4xx_hal_rcc_ex.o      912
    stm32f4xx_hal_tim.o       1'494
    stm32f4xx_hal_tim_ex.o      140
    -------------------------------------------------
    Total:                    3'738        3       12

dl7M_tln.a: [5]
    exit.o                        4
    low_level_init.o              4
    -------------------------------------------------
    Total:                        8

m7M_tls.a: [6]
    fpinit_M.o                   34
    -------------------------------------------------
    Total:                       34

rt7M_tl.a: [7]
    ABImemset.o                 102
    I64DivMod_small.o           262
    I64DivZer.o                   2
    cexit.o                      10
    cmain.o                      30
    cstartup_M.o                 28
    data_init.o                  40
    memset.o                     20
    packbits_init_single.o       58
    -------------------------------------------------
    Total:                      552

shb_l.a: [8]
    exit.o                       20
    -------------------------------------------------
    Total:                       20

    Gaps                         12        2
    Linker created                        16    1'024
-----------------------------------------------------
    Grand Total:              7'242       54    1'200


*******************************************************************************
*** ENTRY LIST
***

Entry                       Address   Size  Type      Object
-----                       -------   ----  ----      ------
.iar.init_table$$Base    0x800'1a58          --   Gb  - Linker created -
.iar.init_table$$Limit   0x800'1a68          --   Gb  - Linker created -
?main                    0x800'1a69         Code  Gb  cmain.o [7]
AHBPrescTable            0x800'19fc   0x10  Data  Gb  system_stm32f4xx.o [3]
BusFault_Handler         0x800'1ad3    0x2  Code  Gb  stm32f4xx_it.o [2]
CSTACK$$Base            0x2000'00b0          --   Gb  - Linker created -
CSTACK$$Limit           0x2000'04b0          --   Gb  - Linker created -
DebugMon_Handler         0x800'1ad9    0x2  Code  Gb  stm32f4xx_it.o [2]
EXTI9_5_IRQHandler       0x800'1ae1    0x6  Code  Gb  stm32f4xx_it.o [2]
Error_Handler            0x800'08b5    0x4  Code  Gb  main.o [2]
HAL_Delay                0x800'1801   0x28  Code  Wk  stm32f4xx_hal.o [4]
HAL_GPIO_EXTI_Callback   0x800'06db  0x162  Code  Gb  main.o [2]
HAL_GPIO_EXTI_IRQHandler
                         0x800'0ab7   0x12  Code  Gb  stm32f4xx_hal_gpio.o [4]
HAL_GPIO_Init            0x800'08ed  0x1b6  Code  Gb  stm32f4xx_hal_gpio.o [4]
HAL_GPIO_ReadPin         0x800'0aa3    0xc  Code  Gb  stm32f4xx_hal_gpio.o [4]
HAL_GPIO_WritePin        0x800'0aaf    0x8  Code  Gb  stm32f4xx_hal_gpio.o [4]
HAL_GetTick              0x800'1345    0xc  Code  Wk  stm32f4xx_hal.o [4]
HAL_IncTick              0x800'1ae9   0x10  Code  Wk  stm32f4xx_hal.o [4]
HAL_Init                 0x800'08b9   0x30  Code  Gb  stm32f4xx_hal.o [4]
HAL_InitTick             0x800'1829   0x40  Code  Wk  stm32f4xx_hal.o [4]
HAL_MspInit              0x800'11c9   0x34  Code  Gb  stm32f4xx_hal_msp.o [2]
HAL_NVIC_EnableIRQ       0x800'0b67   0x16  Code  Gb  stm32f4xx_hal_cortex.o [4]
HAL_NVIC_SetPriority     0x800'0b2d   0x3a  Code  Gb  stm32f4xx_hal_cortex.o [4]
HAL_NVIC_SetPriorityGrouping
                         0x800'0b13   0x1a  Code  Gb  stm32f4xx_hal_cortex.o [4]
HAL_RCC_ClockConfig      0x800'16e1  0x100  Code  Gb  stm32f4xx_hal_rcc.o [4]
HAL_RCC_GetSysClockFreq
                         0x800'1359   0x7a  Code  Gb  stm32f4xx_hal_rcc_ex.o [4]
HAL_RCC_OscConfig        0x800'13e3  0x2d0  Code  Gb  stm32f4xx_hal_rcc_ex.o [4]
HAL_SYSTICK_Config       0x800'0b7d   0x28  Code  Gb  stm32f4xx_hal_cortex.o [4]
HAL_TIMEx_MasterConfigSynchronization
                         0x800'12b9   0x6e  Code  Gb  stm32f4xx_hal_tim_ex.o [4]
HAL_TIM_Base_Init        0x800'0bbd   0x1a  Code  Gb  stm32f4xx_hal_tim.o [4]
HAL_TIM_Base_MspInit     0x800'11fd   0x40  Code  Gb  stm32f4xx_hal_msp.o [2]
HAL_TIM_Base_Start       0x800'0bd7   0x20  Code  Gb  stm32f4xx_hal_tim.o [4]
HAL_TIM_ConfigClockSource
                         0x800'0e2d   0x90  Code  Gb  stm32f4xx_hal_tim.o [4]
HAL_TIM_MspPostInit      0x800'123d   0x4e  Code  Gb  stm32f4xx_hal_msp.o [2]
HAL_TIM_OnePulse_Init    0x800'0cf5   0x40  Code  Gb  stm32f4xx_hal_tim.o [4]
HAL_TIM_PWM_ConfigChannel
                         0x800'0d3d   0xbc  Code  Gb  stm32f4xx_hal_tim.o [4]
HAL_TIM_PWM_Init         0x800'0c35   0x1a  Code  Gb  stm32f4xx_hal_tim.o [4]
HAL_TIM_PWM_Start        0x800'0c4f   0x14  Code  Gb  stm32f4xx_hal_tim.o [4]
HAL_TIM_PWM_Stop         0x800'0c6d   0x2e  Code  Gb  stm32f4xx_hal_tim.o [4]
HardFault_Handler        0x800'1acf    0x2  Code  Gb  stm32f4xx_it.o [2]
MemManage_Handler        0x800'1ad1    0x2  Code  Gb  stm32f4xx_it.o [2]
NMI_Handler              0x800'1acd    0x2  Code  Gb  stm32f4xx_it.o [2]
PendSV_Handler           0x800'1adb    0x2  Code  Gb  stm32f4xx_it.o [2]
Region$$Table$$Base      0x800'1a58          --   Gb  - Linker created -
Region$$Table$$Limit     0x800'1a68          --   Gb  - Linker created -
SVC_Handler              0x800'1ad7    0x2  Code  Gb  stm32f4xx_it.o [2]
SysTick_Handler          0x800'1add    0x4  Code  Gb  stm32f4xx_it.o [2]
SystemClock_Config       0x800'0557   0x84  Code  Gb  main.o [2]
SystemCoreClock         0x2000'006c    0x4  Data  Gb  system_stm32f4xx.o [3]
SystemInit               0x800'19e1   0x14  Code  Gb  system_stm32f4xx.o [3]
TIM_Base_SetConfig       0x800'0ee9   0x96  Code  Gb  stm32f4xx_hal_tim.o [4]
TIM_CCxChannelCmd        0x800'1173   0x16  Code  Gb  stm32f4xx_hal_tim.o [4]
TIM_ETR_SetConfig        0x800'115f   0x14  Code  Gb  stm32f4xx_hal_tim.o [4]
TIM_ITRx_SetConfig       0x800'114f   0x10  Code  Lc  stm32f4xx_hal_tim.o [4]
TIM_OC1_SetConfig        0x800'0f7f   0x58  Code  Lc  stm32f4xx_hal_tim.o [4]
TIM_OC2_SetConfig        0x800'0fd7   0x60  Code  Gb  stm32f4xx_hal_tim.o [4]
TIM_OC3_SetConfig        0x800'1037   0x5e  Code  Lc  stm32f4xx_hal_tim.o [4]
TIM_OC4_SetConfig        0x800'1095   0x46  Code  Lc  stm32f4xx_hal_tim.o [4]
TIM_TI1_ConfigInputStage
                         0x800'110d   0x1e  Code  Lc  stm32f4xx_hal_tim.o [4]
TIM_TI2_ConfigInputStage
                         0x800'112b   0x24  Code  Lc  stm32f4xx_hal_tim.o [4]
UsageFault_Handler       0x800'1ad5    0x2  Code  Gb  stm32f4xx_it.o [2]
__NVIC_SetPriority       0x800'0af9   0x1a  Code  Lc  stm32f4xx_hal_cortex.o [4]
__aeabi_ldiv0            0x800'19dd         Code  Gb  I64DivZer.o [7]
__aeabi_memset           0x800'186d         Code  Gb  ABImemset.o [7]
__cmain                  0x800'1a69         Code  Gb  cmain.o [7]
__exit                   0x800'1a9d   0x14  Code  Gb  exit.o [8]
__iar_Memset             0x800'186d         Code  Gb  ABImemset.o [7]
__iar_Memset_word        0x800'1875         Code  Gb  ABImemset.o [7]
__iar_data_init3         0x800'1a0d   0x28  Code  Gb  data_init.o [7]
__iar_init_vfp           0x800'1a35         Code  Gb  fpinit_M.o [6]
__iar_packbits_init_single3
                         0x800'118f   0x3a  Code  Gb  packbits_init_single.o [7]
__iar_program_start      0x800'1ab1         Code  Gb  cstartup_M.o [7]
__iar_small_uldivmod     0x800'18d5         Code  Gb  I64DivMod_small.o [7]
__low_level_init         0x800'1a87    0x4  Code  Gb  low_level_init.o [5]
__vector_table           0x800'0000         Data  Gb  startup_stm32f446xx.o [1]
_call_main               0x800'1a75         Code  Gb  cmain.o [7]
_exit                    0x800'1a91         Code  Gb  cexit.o [7]
bitIndex                0x2000'0000    0x1  Data  Gb  main.o [2]
cmd                     0x2000'0001    0x1  Data  Gb  main.o [2]
cmdli                   0x2000'0002    0x1  Data  Gb  main.o [2]
code                    0x2000'0050    0x4  Data  Gb  main.o [2]
counter                 0x2000'0048    0x4  Data  Gb  main.o [2]
counter_for_led         0x2000'0003    0x1  Data  Gb  main.o [2]
exit                     0x800'1a8b    0x4  Code  Gb  exit.o [5]
htim1                   0x2000'0008   0x40  Data  Gb  main.o [2]
htim10                  0x2000'0070   0x40  Data  Gb  main.o [2]
main                     0x800'01c5  0x362  Code  Gb  main.o [2]
memset                   0x800'12a5   0x14  Code  Gb  memset.o [7]
set_data                 0x800'05db   0xd0  Code  Gb  main.o [2]
tablica                 0x2000'0054    0xc  Data  Gb  main.o [2]
tempCode                0x2000'004c    0x4  Data  Gb  main.o [2]
tmp_for_left            0x2000'0005    0x1  Data  Gb  main.o [2]
tmp_for_right           0x2000'0004    0x1  Data  Gb  main.o [2]
uwTick                  0x2000'0064    0x4  Data  Gb  stm32f4xx_hal.o [4]
uwTickFreq              0x2000'0060    0x1  Data  Gb  stm32f4xx_hal.o [4]
uwTickPrio              0x2000'0068    0x4  Data  Gb  stm32f4xx_hal.o [4]


[1] = D:\Work\Programming\Tennis\EWARM\Tennis\Obj\Application\EWARM
[2] = D:\Work\Programming\Tennis\EWARM\Tennis\Obj\Application\User\Core
[3] = D:\Work\Programming\Tennis\EWARM\Tennis\Obj\Drivers\CMSIS
[4] = D:\Work\Programming\Tennis\EWARM\Tennis\Obj\Drivers\STM32F4xx_HAL_Driver
[5] = dl7M_tln.a
[6] = m7M_tls.a
[7] = rt7M_tl.a
[8] = shb_l.a

  7'242 bytes of readonly  code memory
     54 bytes of readonly  data memory
  1'200 bytes of readwrite data memory

Errors: none
Warnings: none
